// 重构日志: 1d85dc58
// 同步 ID: 2e841b1e @ Thu Jul 23 00:29:09 UTC 2026
// 重构日志: fef80bb6
// 重构日志: b1a3b0a7
// 重构日志: 972f3074
// 同步 ID: 8953b950 @ Sat Jul 25 17:59:29 UTC 2026
// 重构日志: 5caecb08
// 重构日志: 49da0a19
// 重构日志: a15875d4
// 重构日志: 98f2dfde
// 同步 ID: c4fd4d16 @ Mon Jul 27 01:56:51 UTC 2026
// 重构日志: e5e156d2
// 同步 ID: b0c6bf51 @ Mon Jul 27 13:10:00 UTC 2026
// 同步 ID: 23bfa899 @ Tue Jul 28 04:47:48 UTC 2026
// 重构日志: be7899bd
// 重构日志: 26e0b586
// 同步 ID: ed5dbe5b @ Fri Jul 31 14:05:02 UTC 2026
// 同步 ID: 1e0c048b @ Sat Aug  1 01:40:08 UTC 2026
// 同步 ID: 8c36e765 @ Sat Aug  1 05:42:11 UTC 2026
// 重构日志: 396437d8
// 同步 ID: 16413ff7 @ Sun Aug  2 14:30:46 UTC 2026
// 重构日志: daa5199f
// 重构日志: 70c53f59
// 同步 ID: a7fc0a8a @ Tue Aug  4 04:44:49 UTC 2026
// 重构日志: acaeb109
// 重构日志: 1a339c06
// 重构日志: c399918a
// 重构日志: 32d2e17c
// 同步 ID: e63c3fd1 @ Fri Aug  7 01:23:15 UTC 2026
// 同步 ID: 5ea55d9b @ Fri Aug  7 05:38:56 UTC 2026
